Archive member included to satisfy reference by file (symbol)

c:/progra~2/gnuarm~1/102021~1.10/bin/../lib/gcc/arm-none-eabi/10.3.1/../../../../arm-none-eabi/lib/thumb/v7-m/nofp\libg.a(lib_a-errno.o)
                              CMakeFiles/STM32F103Interface.elf.dir/Core/Src/syscalls.c.obj (__errno)
c:/progra~2/gnuarm~1/102021~1.10/bin/../lib/gcc/arm-none-eabi/10.3.1/../../../../arm-none-eabi/lib/thumb/v7-m/nofp\libg.a(lib_a-exit.o)
                              c:/progra~2/gnuarm~1/102021~1.10/bin/../lib/gcc/arm-none-eabi/10.3.1/../../../../arm-none-eabi/lib/thumb/v7-m/nofp/crt0.o (exit)
c:/progra~2/gnuarm~1/102021~1.10/bin/../lib/gcc/arm-none-eabi/10.3.1/../../../../arm-none-eabi/lib/thumb/v7-m/nofp\libg.a(lib_a-impure.o)
                              c:/progra~2/gnuarm~1/102021~1.10/bin/../lib/gcc/arm-none-eabi/10.3.1/../../../../arm-none-eabi/lib/thumb/v7-m/nofp\libg.a(lib_a-exit.o) (_global_impure_ptr)
c:/progra~2/gnuarm~1/102021~1.10/bin/../lib/gcc/arm-none-eabi/10.3.1/../../../../arm-none-eabi/lib/thumb/v7-m/nofp\libg.a(lib_a-init.o)
                              c:/progra~2/gnuarm~1/102021~1.10/bin/../lib/gcc/arm-none-eabi/10.3.1/../../../../arm-none-eabi/lib/thumb/v7-m/nofp/crt0.o (__libc_init_array)
c:/progra~2/gnuarm~1/102021~1.10/bin/../lib/gcc/arm-none-eabi/10.3.1/../../../../arm-none-eabi/lib/thumb/v7-m/nofp\libg.a(lib_a-memset.o)
                              c:/progra~2/gnuarm~1/102021~1.10/bin/../lib/gcc/arm-none-eabi/10.3.1/../../../../arm-none-eabi/lib/thumb/v7-m/nofp/crt0.o (memset)
c:/progra~2/gnuarm~1/102021~1.10/bin/../lib/gcc/arm-none-eabi/10.3.1/../../../../arm-none-eabi/lib/thumb/v7-m/nofp\libg.a(lib_a-__call_atexit.o)
                              c:/progra~2/gnuarm~1/102021~1.10/bin/../lib/gcc/arm-none-eabi/10.3.1/../../../../arm-none-eabi/lib/thumb/v7-m/nofp\libg.a(lib_a-exit.o) (__call_exitprocs)
c:/progra~2/gnuarm~1/102021~1.10/bin/../lib/gcc/arm-none-eabi/10.3.1/../../../../arm-none-eabi/lib/thumb/v7-m/nofp\libg.a(lib_a-atexit.o)
                              c:/progra~2/gnuarm~1/102021~1.10/bin/../lib/gcc/arm-none-eabi/10.3.1/../../../../arm-none-eabi/lib/thumb/v7-m/nofp\libg.a(lib_a-__call_atexit.o) (atexit)
c:/progra~2/gnuarm~1/102021~1.10/bin/../lib/gcc/arm-none-eabi/10.3.1/../../../../arm-none-eabi/lib/thumb/v7-m/nofp\libg.a(lib_a-fini.o)
                              c:/progra~2/gnuarm~1/102021~1.10/bin/../lib/gcc/arm-none-eabi/10.3.1/../../../../arm-none-eabi/lib/thumb/v7-m/nofp\libg.a(lib_a-__call_atexit.o) (__libc_fini_array)
c:/progra~2/gnuarm~1/102021~1.10/bin/../lib/gcc/arm-none-eabi/10.3.1/../../../../arm-none-eabi/lib/thumb/v7-m/nofp\libg.a(lib_a-lock.o)
                              c:/progra~2/gnuarm~1/102021~1.10/bin/../lib/gcc/arm-none-eabi/10.3.1/../../../../arm-none-eabi/lib/thumb/v7-m/nofp\libg.a(lib_a-__call_atexit.o) (__retarget_lock_acquire_recursive)
c:/progra~2/gnuarm~1/102021~1.10/bin/../lib/gcc/arm-none-eabi/10.3.1/../../../../arm-none-eabi/lib/thumb/v7-m/nofp\libg.a(lib_a-__atexit.o)
                              c:/progra~2/gnuarm~1/102021~1.10/bin/../lib/gcc/arm-none-eabi/10.3.1/../../../../arm-none-eabi/lib/thumb/v7-m/nofp\libg.a(lib_a-atexit.o) (__register_exitproc)

Discarded input sections

 .text          0x00000000        0x0 c:/progra~2/gnuarm~1/102021~1.10/bin/../lib/gcc/arm-none-eabi/10.3.1/thumb/v7-m/nofp/crti.o
 .data          0x00000000        0x0 c:/progra~2/gnuarm~1/102021~1.10/bin/../lib/gcc/arm-none-eabi/10.3.1/thumb/v7-m/nofp/crti.o
 .bss           0x00000000        0x0 c:/progra~2/gnuarm~1/102021~1.10/bin/../lib/gcc/arm-none-eabi/10.3.1/thumb/v7-m/nofp/crti.o
 .data          0x00000000        0x4 c:/progra~2/gnuarm~1/102021~1.10/bin/../lib/gcc/arm-none-eabi/10.3.1/thumb/v7-m/nofp/crtbegin.o
 .rodata        0x00000000       0x24 c:/progra~2/gnuarm~1/102021~1.10/bin/../lib/gcc/arm-none-eabi/10.3.1/thumb/v7-m/nofp/crtbegin.o
 .text          0x00000000       0x7c c:/progra~2/gnuarm~1/102021~1.10/bin/../lib/gcc/arm-none-eabi/10.3.1/../../../../arm-none-eabi/lib/thumb/v7-m/nofp/crt0.o
 .data          0x00000000        0x0 c:/progra~2/gnuarm~1/102021~1.10/bin/../lib/gcc/arm-none-eabi/10.3.1/../../../../arm-none-eabi/lib/thumb/v7-m/nofp/crt0.o
 .bss           0x00000000        0x0 c:/progra~2/gnuarm~1/102021~1.10/bin/../lib/gcc/arm-none-eabi/10.3.1/../../../../arm-none-eabi/lib/thumb/v7-m/nofp/crt0.o
 .ARM.extab     0x00000000        0x0 c:/progra~2/gnuarm~1/102021~1.10/bin/../lib/gcc/arm-none-eabi/10.3.1/../../../../arm-none-eabi/lib/thumb/v7-m/nofp/crt0.o
 .ARM.exidx     0x00000000       0x10 c:/progra~2/gnuarm~1/102021~1.10/bin/../lib/gcc/arm-none-eabi/10.3.1/../../../../arm-none-eabi/lib/thumb/v7-m/nofp/crt0.o
 .ARM.attributes
                0x00000000       0x1b c:/progra~2/gnuarm~1/102021~1.10/bin/../lib/gcc/arm-none-eabi/10.3.1/../../../../arm-none-eabi/lib/thumb/v7-m/nofp/crt0.o
 .text          0x00000000        0x0 CMakeFiles/STM32F103Interface.elf.dir/Core/Src/main.c.obj
[...]
Memory Configuration

Name             Origin             Length             Attributes
RAM              0x20000000         0x00005000         xrw
FLASH            0x08000000         0x00010000         xr
*default*        0x00000000         0xffffffff

Linker script and memory map

LOAD c:/progra~2/gnuarm~1/102021~1.10/bin/../lib/gcc/arm-none-eabi/10.3.1/thumb/v7-m/nofp/crti.o
LOAD c:/progra~2/gnuarm~1/102021~1.10/bin/../lib/gcc/arm-none-eabi/10.3.1/thumb/v7-m/nofp/crtbegin.o
LOAD c:/progra~2/gnuarm~1/102021~1.10/bin/../lib/gcc/arm-none-eabi/10.3.1/../../../../arm-none-eabi/lib/thumb/v7-m/nofp/crt0.o
LOAD CMakeFiles/STM32F103Interface.elf.dir/Core/Src/main.c.obj
LOAD CMakeFiles/STM32F103Interface.elf.dir/Core/Src/stm32f1xx_hal_msp.c.obj
LOAD CMakeFiles/STM32F103Interface.elf.dir/Core/Src/stm32f1xx_it.c.obj
LOAD CMakeFiles/STM32F103Interface.elf.dir/Core/Src/syscalls.c.obj
LOAD CMakeFiles/STM32F103Interface.elf.dir/Core/Src/sysmem.c.obj
LOAD CMakeFiles/STM32F103Interface.elf.dir/Core/Src/system_stm32f1xx.c.obj
LOAD CMakeFiles/STM32F103Interface.elf.dir/Core/Startup/startup_stm32f103c8tx.s.obj
LOAD CMakeFiles/STM32F103Interface.elf.dir/Drivers/STM32F1xx_HAL_Driver/Src/stm32f1xx_hal.c.obj
LOAD CMakeFiles/STM32F103Interface.elf.dir/Drivers/STM32F1xx_HAL_Driver/Src/stm32f1xx_hal_cortex.c.obj
LOAD CMakeFiles/STM32F103Interface.elf.dir/Drivers/STM32F1xx_HAL_Driver/Src/stm32f1xx_hal_dma.c.obj
LOAD CMakeFiles/STM32F103Interface.elf.dir/Drivers/STM32F1xx_HAL_Driver/Src/stm32f1xx_hal_exti.c.obj
LOAD CMakeFiles/STM32F103Interface.elf.dir/Drivers/STM32F1xx_HAL_Driver/Src/stm32f1xx_hal_flash.c.obj
LOAD CMakeFiles/STM32F103Interface.elf.dir/Drivers/STM32F1xx_HAL_Driver/Src/stm32f1xx_hal_flash_ex.c.obj
LOAD CMakeFiles/STM32F103Interface.elf.dir/Drivers/STM32F1xx_HAL_Driver/Src/stm32f1xx_hal_gpio.c.obj
LOAD CMakeFiles/STM32F103Interface.elf.dir/Drivers/STM32F1xx_HAL_Driver/Src/stm32f1xx_hal_gpio_ex.c.obj
LOAD CMakeFiles/STM32F103Interface.elf.dir/Drivers/STM32F1xx_HAL_Driver/Src/stm32f1xx_hal_pwr.c.obj
LOAD CMakeFiles/STM32F103Interface.elf.dir/Drivers/STM32F1xx_HAL_Driver/Src/stm32f1xx_hal_rcc.c.obj
LOAD CMakeFiles/STM32F103Interface.elf.dir/Drivers/STM32F1xx_HAL_Driver/Src/stm32f1xx_hal_rcc_ex.c.obj
LOAD CMakeFiles/STM32F103Interface.elf.dir/Drivers/STM32F1xx_HAL_Driver/Src/stm32f1xx_hal_uart.c.obj
START GROUP
LOAD c:/progra~2/gnuarm~1/102021~1.10/bin/../lib/gcc/arm-none-eabi/10.3.1/thumb/v7-m/nofp\libgcc.a
LOAD c:/progra~2/gnuarm~1/102021~1.10/bin/../lib/gcc/arm-none-eabi/10.3.1/../../../../arm-none-eabi/lib/thumb/v7-m/nofp\libg.a
LOAD c:/progra~2/gnuarm~1/102021~1.10/bin/../lib/gcc/arm-none-eabi/10.3.1/../../../../arm-none-eabi/lib/thumb/v7-m/nofp\libc.a
END GROUP
LOAD c:/progra~2/gnuarm~1/102021~1.10/bin/../lib/gcc/arm-none-eabi/10.3.1/thumb/v7-m/nofp/crtend.o
LOAD c:/progra~2/gnuarm~1/102021~1.10/bin/../lib/gcc/arm-none-eabi/10.3.1/thumb/v7-m/nofp/crtn.o
                0x20005000                _estack = (ORIGIN (RAM) + LENGTH (RAM))
                0x00000200                _Min_Heap_Size = 0x200
                0x00000400                _Min_Stack_Size = 0x400

.isr_vector     0x08000000      0x10c
                0x08000000                . = ALIGN (0x4)
 *(.isr_vector)
 .isr_vector    0x08000000      0x10c CMakeFiles/STM32F103Interface.elf.dir/Core/Startup/startup_stm32f103c8tx.s.obj
                0x08000000                g_pfnVectors
                0x0800010c                . = ALIGN (0x4)

.text           0x0800010c     0x1450
                0x0800010c                . = ALIGN (0x4)
 *(.text)
 .text          0x0800010c       0x40 c:/progra~2/gnuarm~1/102021~1.10/bin/../lib/gcc/arm-none-eabi/10.3.1/thumb/v7-m/nofp/crtbegin.o
 *(.text*)
 .text.MX_GPIO_Init
                0x0800014c       0x30 CMakeFiles/STM32F103Interface.elf.dir/Core/Src/main.c.obj
 .text.Error_Handler
                0x0800017c        0x4 CMakeFiles/STM32F103Interface.elf.dir/Core/Src/main.c.obj
                0x0800017c                Error_Handler
 .text.MX_USART1_UART_Init
                0x08000180       0x34 CMakeFiles/STM32F103Interface.elf.dir/Core/Src/main.c.obj
 .text.SystemClock_Config
                0x080001b4       0x64 CMakeFiles/STM32F103Interface.elf.dir/Core/Src/main.c.obj
                0x080001b4                SystemClock_Config
 .text.main     0x08000218       0x14 CMakeFiles/STM32F103Interface.elf.dir/Core/Src/main.c.obj
                0x08000218                main
 .text.HAL_MspInit
                0x0800022c       0x44 CMakeFiles/STM32F103Interface.elf.dir/Core/Src/stm32f1xx_hal_msp.c.obj
                0x0800022c                HAL_MspInit
 .text.HAL_UART_MspInit
                0x08000270       0x88 CMakeFiles/STM32F103Interface.elf.dir/Core/Src/stm32f1xx_hal_msp.c.obj
                0x08000270                HAL_UART_MspInit
 .text.NMI_Handler
                0x080002f8        0x2 CMakeFiles/STM32F103Interface.elf.dir/Core/Src/stm32f1xx_it.c.obj
                0x080002f8                NMI_Handler
 .text.HardFault_Handler
                0x080002fa        0x2 CMakeFiles/STM32F103Interface.elf.dir/Core/Src/stm32f1xx_it.c.obj
                0x080002fa                HardFault_Handler
 .text.MemManage_Handler
                0x080002fc        0x2 CMakeFiles/STM32F103Interface.elf.dir/Core/Src/stm32f1xx_it.c.obj
                0x080002fc                MemManage_Handler
 .text.BusFault_Handler
                0x080002fe        0x2 CMakeFiles/STM32F103Interface.elf.dir/Core/Src/stm32f1xx_it.c.obj
                0x080002fe                BusFault_Handler
 .text.UsageFault_Handler
                0x08000300        0x2 CMakeFiles/STM32F103Interface.elf.dir/Core/Src/stm32f1xx_it.c.obj
                0x08000300                UsageFault_Handler
 .text.SVC_Handler
                0x08000302        0x2 CMakeFiles/STM32F103Interface.elf.dir/Core/Src/stm32f1xx_it.c.obj
                0x08000302                SVC_Handler
 .text.DebugMon_Handler
                0x08000304        0x2 CMakeFiles/STM32F103Interface.elf.dir/Core/Src/stm32f1xx_it.c.obj
                0x08000304                DebugMon_Handler
 .text.PendSV_Handler
                0x08000306        0x2 CMakeFiles/STM32F103Interface.elf.dir/Core/Src/stm32f1xx_it.c.obj
                0x08000306                PendSV_Handler
 .text.SysTick_Handler
                0x08000308        0x8 CMakeFiles/STM32F103Interface.elf.dir/Core/Src/stm32f1xx_it.c.obj
                0x08000308                SysTick_Handler
 .text.USART1_IRQHandler
                0x08000310       0x10 CMakeFiles/STM32F103Interface.elf.dir/Core/Src/stm32f1xx_it.c.obj
                0x08000310                USART1_IRQHandler
 .text.SystemInit
                0x08000320        0x2 CMakeFiles/STM32F103Interface.elf.dir/Core/Src/system_stm32f1xx.c.obj
                0x08000320                SystemInit
 *fill*         0x08000322        0x2 
 .text.Reset_Handler
                0x08000324       0x48 CMakeFiles/STM32F103Interface.elf.dir/Core/Startup/startup_stm32f103c8tx.s.obj
                0x08000324                Reset_Handler
 .text.Default_Handler
                0x0800036c        0x2 CMakeFiles/STM32F103Interface.elf.dir/Core/Startup/startup_stm32f103c8tx.s.obj
                0x0800036c                RTC_Alarm_IRQHandler
                0x0800036c                EXTI2_IRQHandler
                0x0800036c                TIM1_CC_IRQHandler
                0x0800036c                PVD_IRQHandler
                0x0800036c                EXTI3_IRQHandler
                0x0800036c                EXTI0_IRQHandler
                0x0800036c                I2C2_EV_IRQHandler
                0x0800036c                ADC1_2_IRQHandler
                0x0800036c                SPI1_IRQHandler
                0x0800036c                TAMPER_IRQHandler
                0x0800036c                DMA1_Channel4_IRQHandler
                0x0800036c                USART3_IRQHandler
                0x0800036c                RTC_IRQHandler
                0x0800036c                DMA1_Channel7_IRQHandler
                0x0800036c                CAN1_RX1_IRQHandler
                0x0800036c                TIM4_IRQHandler
                0x0800036c                I2C1_EV_IRQHandler
                0x0800036c                DMA1_Channel6_IRQHandler
                0x0800036c                TIM3_IRQHandler
                0x0800036c                RCC_IRQHandler
                0x0800036c                TIM1_TRG_COM_IRQHandler
                0x0800036c                DMA1_Channel1_IRQHandler
                0x0800036c                Default_Handler
                0x0800036c                EXTI15_10_IRQHandler
                0x0800036c                EXTI9_5_IRQHandler
                0x0800036c                SPI2_IRQHandler
                0x0800036c                DMA1_Channel5_IRQHandler
                0x0800036c                EXTI4_IRQHandler
                0x0800036c                USB_LP_CAN1_RX0_IRQHandler
                0x0800036c                USB_HP_CAN1_TX_IRQHandler
                0x0800036c                DMA1_Channel3_IRQHandler
                0x0800036c                TIM1_UP_IRQHandler
                0x0800036c                WWDG_IRQHandler
                0x0800036c                TIM2_IRQHandler
                0x0800036c                TIM1_BRK_IRQHandler
                0x0800036c                EXTI1_IRQHandler
                0x0800036c                USART2_IRQHandler
                0x0800036c                I2C2_ER_IRQHandler
                0x0800036c                DMA1_Channel2_IRQHandler
                0x0800036c                CAN1_SCE_IRQHandler
                0x0800036c                FLASH_IRQHandler
                0x0800036c                I2C1_ER_IRQHandler
                0x0800036c                USBWakeUp_IRQHandler
 *fill*         0x0800036e        0x2 
 .text.HAL_InitTick
                0x08000370       0x4c CMakeFiles/STM32F103Interface.elf.dir/Drivers/STM32F1xx_HAL_Driver/Src/stm32f1xx_hal.c.obj
                0x08000370                HAL_InitTick
 .text.HAL_Init
                0x080003bc       0x24 CMakeFiles/STM32F103Interface.elf.dir/Drivers/STM32F1xx_HAL_Driver/Src/stm32f1xx_hal.c.obj
                0x080003bc                HAL_Init
 .text.HAL_IncTick
                0x080003e0       0x18 CMakeFiles/STM32F103Interface.elf.dir/Drivers/STM32F1xx_HAL_Driver/Src/stm32f1xx_hal.c.obj
                0x080003e0                HAL_IncTick
 .text.HAL_GetTick
                0x080003f8        0xc CMakeFiles/STM32F103Interface.elf.dir/Drivers/STM32F1xx_HAL_Driver/Src/stm32f1xx_hal.c.obj
                0x080003f8                HAL_GetTick
 .text.HAL_NVIC_SetPriorityGrouping
                0x08000404       0x24 CMakeFiles/STM32F103Interface.elf.dir/Drivers/STM32F1xx_HAL_Driver/Src/stm32f1xx_hal_cortex.c.obj
                0x08000404                HAL_NVIC_SetPriorityGrouping
 .text.HAL_NVIC_SetPriority
                0x08000428       0x70 CMakeFiles/STM32F103Interface.elf.dir/Drivers/STM32F1xx_HAL_Driver/Src/stm32f1xx_hal_cortex.c.obj
                0x08000428                HAL_NVIC_SetPriority
 .text.HAL_NVIC_EnableIRQ
                0x08000498       0x1c CMakeFiles/STM32F103Interface.elf.dir/Drivers/STM32F1xx_HAL_Driver/Src/stm32f1xx_hal_cortex.c.obj
                0x08000498                HAL_NVIC_EnableIRQ
 .text.HAL_SYSTICK_Config
                0x080004b4       0x28 CMakeFiles/STM32F103Interface.elf.dir/Drivers/STM32F1xx_HAL_Driver/Src/stm32f1xx_hal_cortex.c.obj
                0x080004b4                HAL_SYSTICK_Config
 .text.HAL_DMA_Abort
                0x080004dc       0x46 CMakeFiles/STM32F103Interface.elf.dir/Drivers/STM32F1xx_HAL_Driver/Src/stm32f1xx_hal_dma.c.obj
                0x080004dc                HAL_DMA_Abort
 *fill*         0x08000522        0x2 
 .text.HAL_DMA_Abort_IT
                0x08000524       0x98 CMakeFiles/STM32F103Interface.elf.dir/Drivers/STM32F1xx_HAL_Driver/Src/stm32f1xx_hal_dma.c.obj
                0x08000524                HAL_DMA_Abort_IT
 .text.HAL_GPIO_Init
                0x080005bc      0x224 CMakeFiles/STM32F103Interface.elf.dir/Drivers/STM32F1xx_HAL_Driver/Src/stm32f1xx_hal_gpio.c.obj
                0x080005bc                HAL_GPIO_Init
 .text.RCC_Delay
                0x080007e0       0x2c CMakeFiles/STM32F103Interface.elf.dir/Drivers/STM32F1xx_HAL_Driver/Src/stm32f1xx_hal_rcc.c.obj
 .text.HAL_RCC_OscConfig
                0x0800080c      0x410 CMakeFiles/STM32F103Interface.elf.dir/Drivers/STM32F1xx_HAL_Driver/Src/stm32f1xx_hal_rcc.c.obj
                0x0800080c                HAL_RCC_OscConfig
 .text.HAL_RCC_GetSysClockFreq
                0x08000c1c       0x54 CMakeFiles/STM32F103Interface.elf.dir/Drivers/STM32F1xx_HAL_Driver/Src/stm32f1xx_hal_rcc.c.obj
                0x08000c1c                HAL_RCC_GetSysClockFreq
 .text.HAL_RCC_ClockConfig
                0x08000c70      0x16c CMakeFiles/STM32F103Interface.elf.dir/Drivers/STM32F1xx_HAL_Driver/Src/stm32f1xx_hal_rcc.c.obj
                0x08000c70                HAL_RCC_ClockConfig
 .text.HAL_RCC_GetHCLKFreq
                0x08000ddc        0xc CMakeFiles/STM32F103Interface.elf.dir/Drivers/STM32F1xx_HAL_Driver/Src/stm32f1xx_hal_rcc.c.obj
                0x08000ddc                HAL_RCC_GetHCLKFreq
 .text.HAL_RCC_GetPCLK1Freq
                0x08000de8       0x20 CMakeFiles/STM32F103Interface.elf.dir/Drivers/STM32F1xx_HAL_Driver/Src/stm32f1xx_hal_rcc.c.obj
                0x08000de8                HAL_RCC_GetPCLK1Freq
 .text.HAL_RCC_GetPCLK2Freq
                0x08000e08       0x20 CMakeFiles/STM32F103Interface.elf.dir/Drivers/STM32F1xx_HAL_Driver/Src/stm32f1xx_hal_rcc.c.obj
                0x08000e08                HAL_RCC_GetPCLK2Freq
 .text.UART_EndRxTransfer
                0x08000e28       0x5c CMakeFiles/STM32F103Interface.elf.dir/Drivers/STM32F1xx_HAL_Driver/Src/stm32f1xx_hal_uart.c.obj
 .text.UART_Transmit_IT
                0x08000e84       0x60 CMakeFiles/STM32F103Interface.elf.dir/Drivers/STM32F1xx_HAL_Driver/Src/stm32f1xx_hal_uart.c.obj
 .text.UART_SetConfig
                0x08000ee4       0x94 CMakeFiles/STM32F103Interface.elf.dir/Drivers/STM32F1xx_HAL_Driver/Src/stm32f1xx_hal_uart.c.obj
 .text.HAL_UART_Init
                0x08000f78       0x60 CMakeFiles/STM32F103Interface.elf.dir/Drivers/STM32F1xx_HAL_Driver/Src/stm32f1xx_hal_uart.c.obj
                0x08000f78                HAL_UART_Init
 .text.HAL_UART_TxCpltCallback
                0x08000fd8        0x2 CMakeFiles/STM32F103Interface.elf.dir/Drivers/STM32F1xx_HAL_Driver/Src/stm32f1xx_hal_uart.c.obj
                0x08000fd8                HAL_UART_TxCpltCallback
 .text.UART_EndTransmit_IT
                0x08000fda       0x1a CMakeFiles/STM32F103Interface.elf.dir/Drivers/STM32F1xx_HAL_Driver/Src/stm32f1xx_hal_uart.c.obj
 .text.HAL_UART_RxCpltCallback
                0x08000ff4        0x2 CMakeFiles/STM32F103Interface.elf.dir/Drivers/STM32F1xx_HAL_Driver/Src/stm32f1xx_hal_uart.c.obj
                0x08000ff4                HAL_UART_RxCpltCallback
 .text.HAL_UART_ErrorCallback
                0x08000ff6        0x2 CMakeFiles/STM32F103Interface.elf.dir/Drivers/STM32F1xx_HAL_Driver/Src/stm32f1xx_hal_uart.c.obj
                0x08000ff6                HAL_UART_ErrorCallback
 .text.UART_DMAAbortOnError
                0x08000ff8       0x10 CMakeFiles/STM32F103Interface.elf.dir/Drivers/STM32F1xx_HAL_Driver/Src/stm32f1xx_hal_uart.c.obj
 .text.HAL_UARTEx_RxEventCallback
                0x08001008        0x2 CMakeFiles/STM32F103Interface.elf.dir/Drivers/STM32F1xx_HAL_Driver/Src/stm32f1xx_hal_uart.c.obj
                0x08001008                HAL_UARTEx_RxEventCallback
 .text.UART_Receive_IT
                0x0800100a       0xe6 CMakeFiles/STM32F103Interface.elf.dir/Drivers/STM32F1xx_HAL_Driver/Src/stm32f1xx_hal_uart.c.obj
 .text.HAL_UART_IRQHandler
                0x080010f0      0x288 CMakeFiles/STM32F103Interface.elf.dir/Drivers/STM32F1xx_HAL_Driver/Src/stm32f1xx_hal_uart.c.obj
                0x080010f0                HAL_UART_IRQHandler
 .text.__libc_init_array
                0x08001378       0x48 c:/progra~2/gnuarm~1/102021~1.10/bin/../lib/gcc/arm-none-eabi/10.3.1/../../../../arm-none-eabi/lib/thumb/v7-m/nofp\libg.a(lib_a-init.o)
                0x08001378                __libc_init_array
 .text.memset   0x080013c0       0xa4 c:/progra~2/gnuarm~1/102021~1.10/bin/../lib/gcc/arm-none-eabi/10.3.1/../../../../arm-none-eabi/lib/thumb/v7-m/nofp\libg.a(lib_a-memset.o)
                0x080013c0                memset
 .text.startup.register_fini
                0x08001464       0x14 c:/progra~2/gnuarm~1/102021~1.10/bin/../lib/gcc/arm-none-eabi/10.3.1/../../../../arm-none-eabi/lib/thumb/v7-m/nofp\libg.a(lib_a-__call_atexit.o)
 .text.atexit   0x08001478        0xc c:/progra~2/gnuarm~1/102021~1.10/bin/../lib/gcc/arm-none-eabi/10.3.1/../../../../arm-none-eabi/lib/thumb/v7-m/nofp\libg.a(lib_a-atexit.o)
                0x08001478                atexit
 .text.__libc_fini_array
                0x08001484       0x2c c:/progra~2/gnuarm~1/102021~1.10/bin/../lib/gcc/arm-none-eabi/10.3.1/../../../../arm-none-eabi/lib/thumb/v7-m/nofp\libg.a(lib_a-fini.o)
                0x08001484                __libc_fini_array
 .text.__retarget_lock_acquire_recursive
                0x080014b0        0x4 c:/progra~2/gnuarm~1/102021~1.10/bin/../lib/gcc/arm-none-eabi/10.3.1/../../../../arm-none-eabi/lib/thumb/v7-m/nofp\libg.a(lib_a-lock.o)
                0x080014b0                __retarget_lock_acquire_recursive
 .text.__retarget_lock_release_recursive
                0x080014b4        0x4 c:/progra~2/gnuarm~1/102021~1.10/bin/../lib/gcc/arm-none-eabi/10.3.1/../../../../arm-none-eabi/lib/thumb/v7-m/nofp\libg.a(lib_a-lock.o)
                0x080014b4                __retarget_lock_release_recursive
 .text.__register_exitproc
                0x080014b8       0x8c c:/progra~2/gnuarm~1/102021~1.10/bin/../lib/gcc/arm-none-eabi/10.3.1/../../../../arm-none-eabi/lib/thumb/v7-m/nofp\libg.a(lib_a-__atexit.o)
                0x080014b8                __register_exitproc
 *(.glue_7)
 .glue_7        0x08001544        0x0 linker stubs
 *(.glue_7t)
 .glue_7t       0x08001544        0x0 linker stubs
 *(.eh_frame)
 .eh_frame      0x08001544        0x0 c:/progra~2/gnuarm~1/102021~1.10/bin/../lib/gcc/arm-none-eabi/10.3.1/thumb/v7-m/nofp/crtbegin.o
 *(.init)
 .init          0x08001544        0x4 c:/progra~2/gnuarm~1/102021~1.10/bin/../lib/gcc/arm-none-eabi/10.3.1/thumb/v7-m/nofp/crti.o
                0x08001544                _init
 .init          0x08001548        0x8 c:/progra~2/gnuarm~1/102021~1.10/bin/../lib/gcc/arm-none-eabi/10.3.1/thumb/v7-m/nofp/crtn.o
 *(.fini)
 .fini          0x08001550        0x4 c:/progra~2/gnuarm~1/102021~1.10/bin/../lib/gcc/arm-none-eabi/10.3.1/thumb/v7-m/nofp/crti.o
                0x08001550                _fini
 .fini          0x08001554        0x8 c:/progra~2/gnuarm~1/102021~1.10/bin/../lib/gcc/arm-none-eabi/10.3.1/thumb/v7-m/nofp/crtn.o
                0x0800155c                . = ALIGN (0x4)
                0x0800155c                _etext = .

.vfp11_veneer   0x0800155c        0x0
 .vfp11_veneer  0x0800155c        0x0 linker stubs

.v4_bx          0x0800155c        0x0
 .v4_bx         0x0800155c        0x0 linker stubs

.iplt           0x0800155c        0x0
 .iplt          0x0800155c        0x0 c:/progra~2/gnuarm~1/102021~1.10/bin/../lib/gcc/arm-none-eabi/10.3.1/thumb/v7-m/nofp/crtbegin.o

.rodata         0x0800155c       0x30
                0x0800155c                . = ALIGN (0x4)
 *(.rodata)
 *(.rodata*)
 .rodata.AHBPrescTable
                0x0800155c       0x10 CMakeFiles/STM32F103Interface.elf.dir/Core/Src/system_stm32f1xx.c.obj
                0x0800155c                AHBPrescTable
 .rodata.APBPrescTable
                0x0800156c        0x8 CMakeFiles/STM32F103Interface.elf.dir/Core/Src/system_stm32f1xx.c.obj
                0x0800156c                APBPrescTable
 .rodata.aPLLMULFactorTable.1
                0x08001574       0x10 CMakeFiles/STM32F103Interface.elf.dir/Drivers/STM32F1xx_HAL_Driver/Src/stm32f1xx_hal_rcc.c.obj
 .rodata.aPredivFactorTable.0
                0x08001584        0x2 CMakeFiles/STM32F103Interface.elf.dir/Drivers/STM32F1xx_HAL_Driver/Src/stm32f1xx_hal_rcc.c.obj
 *fill*         0x08001586        0x2 
 .rodata._global_impure_ptr
                0x08001588        0x4 c:/progra~2/gnuarm~1/102021~1.10/bin/../lib/gcc/arm-none-eabi/10.3.1/../../../../arm-none-eabi/lib/thumb/v7-m/nofp\libg.a(lib_a-impure.o)
                0x08001588                _global_impure_ptr
                0x0800158c                . = ALIGN (0x4)

.rel.dyn        0x0800158c        0x0
 .rel.iplt      0x0800158c        0x0 c:/progra~2/gnuarm~1/102021~1.10/bin/../lib/gcc/arm-none-eabi/10.3.1/thumb/v7-m/nofp/crtbegin.o

.ARM.extab      0x0800158c        0x0
                0x0800158c                . = ALIGN (0x4)
 *(.ARM.extab* .gnu.linkonce.armextab.*)
                0x0800158c                . = ALIGN (0x4)

.ARM            0x0800158c        0x0
                0x0800158c                . = ALIGN (0x4)
                0x0800158c                __exidx_start = .
 *(.ARM.exidx*)
                0x0800158c                __exidx_end = .
                0x0800158c                . = ALIGN (0x4)

.preinit_array  0x0800158c        0x0
                0x0800158c                . = ALIGN (0x4)
                0x0800158c                PROVIDE (__preinit_array_start = .)
 *(.preinit_array*)
                0x0800158c                PROVIDE (__preinit_array_end = .)
                0x0800158c                . = ALIGN (0x4)

.init_array     0x0800158c        0x8
                0x0800158c                . = ALIGN (0x4)
                0x0800158c                PROVIDE (__init_array_start = .)
 *(SORT_BY_NAME(.init_array.*))
 .init_array.00000
                0x0800158c        0x4 c:/progra~2/gnuarm~1/102021~1.10/bin/../lib/gcc/arm-none-eabi/10.3.1/../../../../arm-none-eabi/lib/thumb/v7-m/nofp\libg.a(lib_a-__call_atexit.o)
 *(.init_array*)
 .init_array    0x08001590        0x4 c:/progra~2/gnuarm~1/102021~1.10/bin/../lib/gcc/arm-none-eabi/10.3.1/thumb/v7-m/nofp/crtbegin.o
                0x08001594                PROVIDE (__init_array_end = .)
                0x08001594                . = ALIGN (0x4)

.fini_array     0x08001594        0x4
                0x08001594                . = ALIGN (0x4)
                0x08001594                PROVIDE (__fini_array_start = .)
 *(SORT_BY_NAME(.fini_array.*))
 *(.fini_array*)
 .fini_array    0x08001594        0x4 c:/progra~2/gnuarm~1/102021~1.10/bin/../lib/gcc/arm-none-eabi/10.3.1/thumb/v7-m/nofp/crtbegin.o
                0x08001598                PROVIDE (__fini_array_end = .)
                0x08001598                . = ALIGN (0x4)
                0x08001598                _sidata = LOADADDR (.data)

.data           0x20000000      0x43c load address 0x08001598
                0x20000000                . = ALIGN (0x4)
                0x20000000                _sdata = .
 *(.data)
 *(.data*)
 .data.SystemCoreClock
                0x20000000        0x4 CMakeFiles/STM32F103Interface.elf.dir/Core/Src/system_stm32f1xx.c.obj
                0x20000000                SystemCoreClock
 .data.uwTickFreq
                0x20000004        0x1 CMakeFiles/STM32F103Interface.elf.dir/Drivers/STM32F1xx_HAL_Driver/Src/stm32f1xx_hal.c.obj
                0x20000004                uwTickFreq
 *fill*         0x20000005        0x3 
 .data.uwTickPrio
                0x20000008        0x4 CMakeFiles/STM32F103Interface.elf.dir/Drivers/STM32F1xx_HAL_Driver/Src/stm32f1xx_hal.c.obj
                0x20000008                uwTickPrio
 *fill*         0x2000000c        0x4 
 .data.impure_data
                0x20000010      0x428 c:/progra~2/gnuarm~1/102021~1.10/bin/../lib/gcc/arm-none-eabi/10.3.1/../../../../arm-none-eabi/lib/thumb/v7-m/nofp\libg.a(lib_a-impure.o)
 .data.__atexit_recursive_mutex
                0x20000438        0x4 c:/progra~2/gnuarm~1/102021~1.10/bin/../lib/gcc/arm-none-eabi/10.3.1/../../../../arm-none-eabi/lib/thumb/v7-m/nofp\libg.a(lib_a-__call_atexit.o)
                0x20000438                __atexit_recursive_mutex
 *(.RamFunc)
 *(.RamFunc*)
                0x2000043c                . = ALIGN (0x4)
                0x2000043c                _edata = .

.igot.plt       0x2000043c        0x0 load address 0x080019d4
 .igot.plt      0x2000043c        0x0 c:/progra~2/gnuarm~1/102021~1.10/bin/../lib/gcc/arm-none-eabi/10.3.1/thumb/v7-m/nofp/crtbegin.o
                0x2000043c                . = ALIGN (0x4)

.bss            0x2000043c       0x6c load address 0x080019d4
                0x2000043c                _sbss = .
                0x2000043c                __bss_start__ = _sbss
 *(.bss)
 .bss           0x2000043c       0x1c c:/progra~2/gnuarm~1/102021~1.10/bin/../lib/gcc/arm-none-eabi/10.3.1/thumb/v7-m/nofp/crtbegin.o
 *(.bss*)
 .bss.huart1    0x20000458       0x48 CMakeFiles/STM32F103Interface.elf.dir/Core/Src/main.c.obj
                0x20000458                huart1
 .bss.uwTick    0x200004a0        0x4 CMakeFiles/STM32F103Interface.elf.dir/Drivers/STM32F1xx_HAL_Driver/Src/stm32f1xx_hal.c.obj
                0x200004a0                uwTick
 .bss.__lock___atexit_recursive_mutex
                0x200004a4        0x1 c:/progra~2/gnuarm~1/102021~1.10/bin/../lib/gcc/arm-none-eabi/10.3.1/../../../../arm-none-eabi/lib/thumb/v7-m/nofp\libg.a(lib_a-lock.o)
                0x200004a4                __lock___atexit_recursive_mutex
 *(COMMON)
                0x200004a8                . = ALIGN (0x4)
 *fill*         0x200004a5        0x3 
                0x200004a8                _ebss = .
                0x200004a8                __bss_end__ = _ebss

._user_heap_stack
                0x200004a8      0x600 load address 0x080019d4
                0x200004a8                . = ALIGN (0x8)
                [!provide]                PROVIDE (end = .)
                0x200004a8                PROVIDE (_end = .)
                0x200006a8                . = (. + _Min_Heap_Size)
 *fill*         0x200004a8      0x200 
                0x20000aa8                . = (. + _Min_Stack_Size)
 *fill*         0x200006a8      0x400 
                0x20000aa8                . = ALIGN (0x8)

/DISCARD/
 libc.a(*)
 libm.a(*)
 libgcc.a(*)

.ARM.attributes
                0x00000000       0x29
 *(.ARM.attributes)
 .ARM.attributes
                0x00000000       0x1d c:/progra~2/gnuarm~1/102021~1.10/bin/../lib/gcc/arm-none-eabi/10.3.1/thumb/v7-m/nofp/crti.o
 .ARM.attributes
                0x0000001d       0x2d c:/progra~2/gnuarm~1/102021~1.10/bin/../lib/gcc/arm-none-eabi/10.3.1/thumb/v7-m/nofp/crtbegin.o
 .ARM.attributes
                0x0000004a       0x2d CMakeFiles/STM32F103Interface.elf.dir/Core/Src/main.c.obj
 .ARM.attributes
                0x00000077       0x2d CMakeFiles/STM32F103Interface.elf.dir/Core/Src/stm32f1xx_hal_msp.c.obj
 .ARM.attributes
                0x000000a4       0x2d CMakeFiles/STM32F103Interface.elf.dir/Core/Src/stm32f1xx_it.c.obj
 .ARM.attributes
                0x000000d1       0x2d CMakeFiles/STM32F103Interface.elf.dir/Core/Src/system_stm32f1xx.c.obj
 .ARM.attributes
                0x000000fe       0x21 CMakeFiles/STM32F103Interface.elf.dir/Core/Startup/startup_stm32f103c8tx.s.obj
 .ARM.attributes
                0x0000011f       0x2d CMakeFiles/STM32F103Interface.elf.dir/Drivers/STM32F1xx_HAL_Driver/Src/stm32f1xx_hal.c.obj
 .ARM.attributes
                0x0000014c       0x2d CMakeFiles/STM32F103Interface.elf.dir/Drivers/STM32F1xx_HAL_Driver/Src/stm32f1xx_hal_cortex.c.obj
 .ARM.attributes
                0x00000179       0x2d CMakeFiles/STM32F103Interface.elf.dir/Drivers/STM32F1xx_HAL_Driver/Src/stm32f1xx_hal_dma.c.obj
 .ARM.attributes
                0x000001a6       0x2d CMakeFiles/STM32F103Interface.elf.dir/Drivers/STM32F1xx_HAL_Driver/Src/stm32f1xx_hal_gpio.c.obj
 .ARM.attributes
                0x000001d3       0x2d CMakeFiles/STM32F103Interface.elf.dir/Drivers/STM32F1xx_HAL_Driver/Src/stm32f1xx_hal_rcc.c.obj
 .ARM.attributes
                0x00000200       0x2d CMakeFiles/STM32F103Interface.elf.dir/Drivers/STM32F1xx_HAL_Driver/Src/stm32f1xx_hal_uart.c.obj
 .ARM.attributes
                0x0000022d       0x2d c:/progra~2/gnuarm~1/102021~1.10/bin/../lib/gcc/arm-none-eabi/10.3.1/../../../../arm-none-eabi/lib/thumb/v7-m/nofp\libg.a(lib_a-impure.o)
 .ARM.attributes
                0x0000025a       0x2d c:/progra~2/gnuarm~1/102021~1.10/bin/../lib/gcc/arm-none-eabi/10.3.1/../../../../arm-none-eabi/lib/thumb/v7-m/nofp\libg.a(lib_a-init.o)
 .ARM.attributes
                0x00000287       0x2d c:/progra~2/gnuarm~1/102021~1.10/bin/../lib/gcc/arm-none-eabi/10.3.1/../../../../arm-none-eabi/lib/thumb/v7-m/nofp\libg.a(lib_a-memset.o)
 .ARM.attributes
                0x000002b4       0x2d c:/progra~2/gnuarm~1/102021~1.10/bin/../lib/gcc/arm-none-eabi/10.3.1/../../../../arm-none-eabi/lib/thumb/v7-m/nofp\libg.a(lib_a-__call_atexit.o)
 .ARM.attributes
                0x000002e1       0x2d c:/progra~2/gnuarm~1/102021~1.10/bin/../lib/gcc/arm-none-eabi/10.3.1/../../../../arm-none-eabi/lib/thumb/v7-m/nofp\libg.a(lib_a-atexit.o)
 .ARM.attributes
                0x0000030e       0x2d c:/progra~2/gnuarm~1/102021~1.10/bin/../lib/gcc/arm-none-eabi/10.3.1/../../../../arm-none-eabi/lib/thumb/v7-m/nofp\libg.a(lib_a-fini.o)
 .ARM.attributes
                0x0000033b       0x2d c:/progra~2/gnuarm~1/102021~1.10/bin/../lib/gcc/arm-none-eabi/10.3.1/../../../../arm-none-eabi/lib/thumb/v7-m/nofp\libg.a(lib_a-lock.o)
 .ARM.attributes
                0x00000368       0x2d c:/progra~2/gnuarm~1/102021~1.10/bin/../lib/gcc/arm-none-eabi/10.3.1/../../../../arm-none-eabi/lib/thumb/v7-m/nofp\libg.a(lib_a-__atexit.o)
 .ARM.attributes
                0x00000395       0x1d c:/progra~2/gnuarm~1/102021~1.10/bin/../lib/gcc/arm-none-eabi/10.3.1/thumb/v7-m/nofp/crtn.o
OUTPUT(STM32F103Interface.elf elf32-littlearm)
LOAD linker stubs
LOAD c:/progra~2/gnuarm~1/102021~1.10/bin/../lib/gcc/arm-none-eabi/10.3.1/../../../../arm-none-eabi/lib/thumb/v7-m/nofp\libc.a
LOAD c:/progra~2/gnuarm~1/102021~1.10/bin/../lib/gcc/arm-none-eabi/10.3.1/../../../../arm-none-eabi/lib/thumb/v7-m/nofp\libm.a
LOAD c:/progra~2/gnuarm~1/102021~1.10/bin/../lib/gcc/arm-none-eabi/10.3.1/thumb/v7-m/nofp\libgcc.a

.debug_info     0x00000000     0x8b5f
 .debug_info    0x00000000      0x911 CMakeFiles/STM32F103Interface.elf.dir/Core/Src/main.c.obj
 .debug_info    0x00000911      0xa5c CMakeFiles/STM32F103Interface.elf.dir/Core/Src/stm32f1xx_hal_msp.c.obj
 .debug_info    0x0000136d      0x64c CMakeFiles/STM32F103Interface.elf.dir/Core/Src/stm32f1xx_it.c.obj
 .debug_info    0x000019b9      0x248 CMakeFiles/STM32F103Interface.elf.dir/Core/Src/system_stm32f1xx.c.obj
 .debug_info    0x00001c01       0x22 CMakeFiles/STM32F103Interface.elf.dir/Core/Startup/startup_stm32f103c8tx.s.obj
 .debug_info    0x00001c23      0x7a8 CMakeFiles/STM32F103Interface.elf.dir/Drivers/STM32F1xx_HAL_Driver/Src/stm32f1xx_hal.c.obj
 .debug_info    0x000023cb      0xd8a CMakeFiles/STM32F103Interface.elf.dir/Drivers/STM32F1xx_HAL_Driver/Src/stm32f1xx_hal_cortex.c.obj
 .debug_info    0x00003155      0x84b CMakeFiles/STM32F103Interface.elf.dir/Drivers/STM32F1xx_HAL_Driver/Src/stm32f1xx_hal_dma.c.obj
 .debug_info    0x000039a0      0x66f CMakeFiles/STM32F103Interface.elf.dir/Drivers/STM32F1xx_HAL_Driver/Src/stm32f1xx_hal_gpio.c.obj
 .debug_info    0x0000400f      0xa3b CMakeFiles/STM32F103Interface.elf.dir/Drivers/STM32F1xx_HAL_Driver/Src/stm32f1xx_hal_rcc.c.obj
 .debug_info    0x00004a4a     0x4115 CMakeFiles/STM32F103Interface.elf.dir/Drivers/STM32F1xx_HAL_Driver/Src/stm32f1xx_hal_uart.c.obj

.debug_abbrev   0x00000000     0x1513
 .debug_abbrev  0x00000000      0x200 CMakeFiles/STM32F103Interface.elf.dir/Core/Src/main.c.obj
 .debug_abbrev  0x00000200      0x1d3 CMakeFiles/STM32F103Interface.elf.dir/Core/Src/stm32f1xx_hal_msp.c.obj
 .debug_abbrev  0x000003d3      0x15b CMakeFiles/STM32F103Interface.elf.dir/Core/Src/stm32f1xx_it.c.obj
 .debug_abbrev  0x0000052e      0x13e CMakeFiles/STM32F103Interface.elf.dir/Core/Src/system_stm32f1xx.c.obj
 .debug_abbrev  0x0000066c       0x12 CMakeFiles/STM32F103Interface.elf.dir/Core/Startup/startup_stm32f103c8tx.s.obj
 .debug_abbrev  0x0000067e      0x1f4 CMakeFiles/STM32F103Interface.elf.dir/Drivers/STM32F1xx_HAL_Driver/Src/stm32f1xx_hal.c.obj
 .debug_abbrev  0x00000872      0x341 CMakeFiles/STM32F103Interface.elf.dir/Drivers/STM32F1xx_HAL_Driver/Src/stm32f1xx_hal_cortex.c.obj
 .debug_abbrev  0x00000bb3      0x223 CMakeFiles/STM32F103Interface.elf.dir/Drivers/STM32F1xx_HAL_Driver/Src/stm32f1xx_hal_dma.c.obj
 .debug_abbrev  0x00000dd6      0x1e6 CMakeFiles/STM32F103Interface.elf.dir/Drivers/STM32F1xx_HAL_Driver/Src/stm32f1xx_hal_gpio.c.obj
 .debug_abbrev  0x00000fbc      0x27a CMakeFiles/STM32F103Interface.elf.dir/Drivers/STM32F1xx_HAL_Driver/Src/stm32f1xx_hal_rcc.c.obj
 .debug_abbrev  0x00001236      0x2dd CMakeFiles/STM32F103Interface.elf.dir/Drivers/STM32F1xx_HAL_Driver/Src/stm32f1xx_hal_uart.c.obj

.debug_aranges  0x00000000      0x608
 .debug_aranges
                0x00000000       0x40 CMakeFiles/STM32F103Interface.elf.dir/Core/Src/main.c.obj
 .debug_aranges
                0x00000040       0x30 CMakeFiles/STM32F103Interface.elf.dir/Core/Src/stm32f1xx_hal_msp.c.obj
 .debug_aranges
                0x00000070       0x68 CMakeFiles/STM32F103Interface.elf.dir/Core/Src/stm32f1xx_it.c.obj
 .debug_aranges
                0x000000d8       0x28 CMakeFiles/STM32F103Interface.elf.dir/Core/Src/system_stm32f1xx.c.obj
 .debug_aranges
                0x00000100       0x28 CMakeFiles/STM32F103Interface.elf.dir/Core/Startup/startup_stm32f103c8tx.s.obj
 .debug_aranges
                0x00000128       0xe0 CMakeFiles/STM32F103Interface.elf.dir/Drivers/STM32F1xx_HAL_Driver/Src/stm32f1xx_hal.c.obj
 .debug_aranges
                0x00000208       0x90 CMakeFiles/STM32F103Interface.elf.dir/Drivers/STM32F1xx_HAL_Driver/Src/stm32f1xx_hal_cortex.c.obj
 .debug_aranges
                0x00000298       0x80 CMakeFiles/STM32F103Interface.elf.dir/Drivers/STM32F1xx_HAL_Driver/Src/stm32f1xx_hal_dma.c.obj
 .debug_aranges
                0x00000318       0x58 CMakeFiles/STM32F103Interface.elf.dir/Drivers/STM32F1xx_HAL_Driver/Src/stm32f1xx_hal_gpio.c.obj
 .debug_aranges
                0x00000370       0x90 CMakeFiles/STM32F103Interface.elf.dir/Drivers/STM32F1xx_HAL_Driver/Src/stm32f1xx_hal_rcc.c.obj
 .debug_aranges
                0x00000400      0x208 CMakeFiles/STM32F103Interface.elf.dir/Drivers/STM32F1xx_HAL_Driver/Src/stm32f1xx_hal_uart.c.obj

.debug_ranges   0x00000000      0x5f8
 .debug_ranges  0x00000000       0x30 CMakeFiles/STM32F103Interface.elf.dir/Core/Src/main.c.obj
 .debug_ranges  0x00000030       0x20 CMakeFiles/STM32F103Interface.elf.dir/Core/Src/stm32f1xx_hal_msp.c.obj
 .debug_ranges  0x00000050       0x58 CMakeFiles/STM32F103Interface.elf.dir/Core/Src/stm32f1xx_it.c.obj
 .debug_ranges  0x000000a8       0x18 CMakeFiles/STM32F103Interface.elf.dir/Core/Src/system_stm32f1xx.c.obj
 .debug_ranges  0x000000c0       0x20 CMakeFiles/STM32F103Interface.elf.dir/Core/Startup/startup_stm32f103c8tx.s.obj
 .debug_ranges  0x000000e0       0xd0 CMakeFiles/STM32F103Interface.elf.dir/Drivers/STM32F1xx_HAL_Driver/Src/stm32f1xx_hal.c.obj
 .debug_ranges  0x000001b0       0xe0 CMakeFiles/STM32F103Interface.elf.dir/Drivers/STM32F1xx_HAL_Driver/Src/stm32f1xx_hal_cortex.c.obj
 .debug_ranges  0x00000290       0x70 CMakeFiles/STM32F103Interface.elf.dir/Drivers/STM32F1xx_HAL_Driver/Src/stm32f1xx_hal_dma.c.obj
 .debug_ranges  0x00000300       0x48 CMakeFiles/STM32F103Interface.elf.dir/Drivers/STM32F1xx_HAL_Driver/Src/stm32f1xx_hal_gpio.c.obj
 .debug_ranges  0x00000348       0xa0 CMakeFiles/STM32F103Interface.elf.dir/Drivers/STM32F1xx_HAL_Driver/Src/stm32f1xx_hal_rcc.c.obj
 .debug_ranges  0x000003e8      0x210 CMakeFiles/STM32F103Interface.elf.dir/Drivers/STM32F1xx_HAL_Driver/Src/stm32f1xx_hal_uart.c.obj

.debug_line     0x00000000     0x7d84
 .debug_line    0x00000000      0x494 CMakeFiles/STM32F103Interface.elf.dir/Core/Src/main.c.obj
 .debug_line    0x00000494      0x35e CMakeFiles/STM32F103Interface.elf.dir/Core/Src/stm32f1xx_hal_msp.c.obj
 .debug_line    0x000007f2      0x38c CMakeFiles/STM32F103Interface.elf.dir/Core/Src/stm32f1xx_it.c.obj
 .debug_line    0x00000b7e      0x29a CMakeFiles/STM32F103Interface.elf.dir/Core/Src/system_stm32f1xx.c.obj
 .debug_line    0x00000e18       0xcd CMakeFiles/STM32F103Interface.elf.dir/Core/Startup/startup_stm32f103c8tx.s.obj
 .debug_line    0x00000ee5      0x616 CMakeFiles/STM32F103Interface.elf.dir/Drivers/STM32F1xx_HAL_Driver/Src/stm32f1xx_hal.c.obj
 .debug_line    0x000014fb      0x6d7 CMakeFiles/STM32F103Interface.elf.dir/Drivers/STM32F1xx_HAL_Driver/Src/stm32f1xx_hal_cortex.c.obj
 .debug_line    0x00001bd2      0xaf8 CMakeFiles/STM32F103Interface.elf.dir/Drivers/STM32F1xx_HAL_Driver/Src/stm32f1xx_hal_dma.c.obj
 .debug_line    0x000026ca      0x67f CMakeFiles/STM32F103Interface.elf.dir/Drivers/STM32F1xx_HAL_Driver/Src/stm32f1xx_hal_gpio.c.obj
 .debug_line    0x00002d49      0xcbc CMakeFiles/STM32F103Interface.elf.dir/Drivers/STM32F1xx_HAL_Driver/Src/stm32f1xx_hal_rcc.c.obj
 .debug_line    0x00003a05     0x437f CMakeFiles/STM32F103Interface.elf.dir/Drivers/STM32F1xx_HAL_Driver/Src/stm32f1xx_hal_uart.c.obj

.debug_str      0x00000000     0x2229
 .debug_str     0x00000000      0x7a6 CMakeFiles/STM32F103Interface.elf.dir/Core/Src/main.c.obj
                                0x845 (size before relaxing)
 .debug_str     0x000007a6      0x43d CMakeFiles/STM32F103Interface.elf.dir/Core/Src/stm32f1xx_hal_msp.c.obj
                                0xa41 (size before relaxing)
 .debug_str     0x00000be3      0x124 CMakeFiles/STM32F103Interface.elf.dir/Core/Src/stm32f1xx_it.c.obj
                                0x6e9 (size before relaxing)
 .debug_str     0x00000d07       0xc5 CMakeFiles/STM32F103Interface.elf.dir/Core/Src/system_stm32f1xx.c.obj
                                0x2e0 (size before relaxing)
 .debug_str     0x00000dcc       0x7d CMakeFiles/STM32F103Interface.elf.dir/Core/Startup/startup_stm32f103c8tx.s.obj
                                 0xd9 (size before relaxing)
 .debug_str     0x00000e49      0x355 CMakeFiles/STM32F103Interface.elf.dir/Drivers/STM32F1xx_HAL_Driver/Src/stm32f1xx_hal.c.obj
                                0x8b0 (size before relaxing)
 .debug_str     0x0000119e      0x3e5 CMakeFiles/STM32F103Interface.elf.dir/Drivers/STM32F1xx_HAL_Driver/Src/stm32f1xx_hal_cortex.c.obj
                                0x95f (size before relaxing)
 .debug_str     0x00001583      0x28b CMakeFiles/STM32F103Interface.elf.dir/Drivers/STM32F1xx_HAL_Driver/Src/stm32f1xx_hal_dma.c.obj
                                0x689 (size before relaxing)
 .debug_str     0x0000180e      0x18a CMakeFiles/STM32F103Interface.elf.dir/Drivers/STM32F1xx_HAL_Driver/Src/stm32f1xx_hal_gpio.c.obj
                                0x48c (size before relaxing)
 .debug_str     0x00001998      0x23b CMakeFiles/STM32F103Interface.elf.dir/Drivers/STM32F1xx_HAL_Driver/Src/stm32f1xx_hal_rcc.c.obj
                                0x6b7 (size before relaxing)
 .debug_str     0x00001bd3      0x656 CMakeFiles/STM32F103Interface.elf.dir/Drivers/STM32F1xx_HAL_Driver/Src/stm32f1xx_hal_uart.c.obj
                                0xd80 (size before relaxing)

.comment        0x00000000       0x49
 .comment       0x00000000       0x49 CMakeFiles/STM32F103Interface.elf.dir/Core/Src/main.c.obj
                                 0x4a (size before relaxing)
 .comment       0x00000049       0x4a CMakeFiles/STM32F103Interface.elf.dir/Core/Src/stm32f1xx_hal_msp.c.obj
 .comment       0x00000049       0x4a CMakeFiles/STM32F103Interface.elf.dir/Core/Src/stm32f1xx_it.c.obj
 .comment       0x00000049       0x4a CMakeFiles/STM32F103Interface.elf.dir/Core/Src/system_stm32f1xx.c.obj
 .comment       0x00000049       0x4a CMakeFiles/STM32F103Interface.elf.dir/Drivers/STM32F1xx_HAL_Driver/Src/stm32f1xx_hal.c.obj
 .comment       0x00000049       0x4a CMakeFiles/STM32F103Interface.elf.dir/Drivers/STM32F1xx_HAL_Driver/Src/stm32f1xx_hal_cortex.c.obj
 .comment       0x00000049       0x4a CMakeFiles/STM32F103Interface.elf.dir/Drivers/STM32F1xx_HAL_Driver/Src/stm32f1xx_hal_dma.c.obj
 .comment       0x00000049       0x4a CMakeFiles/STM32F103Interface.elf.dir/Drivers/STM32F1xx_HAL_Driver/Src/stm32f1xx_hal_gpio.c.obj
 .comment       0x00000049       0x4a CMakeFiles/STM32F103Interface.elf.dir/Drivers/STM32F1xx_HAL_Driver/Src/stm32f1xx_hal_rcc.c.obj
 .comment       0x00000049       0x4a CMakeFiles/STM32F103Interface.elf.dir/Drivers/STM32F1xx_HAL_Driver/Src/stm32f1xx_hal_uart.c.obj

.debug_frame    0x00000000     0x1038
 .debug_frame   0x00000000       0x88 CMakeFiles/STM32F103Interface.elf.dir/Core/Src/main.c.obj
 .debug_frame   0x00000088       0x64 CMakeFiles/STM32F103Interface.elf.dir/Core/Src/stm32f1xx_hal_msp.c.obj
 .debug_frame   0x000000ec       0xc0 CMakeFiles/STM32F103Interface.elf.dir/Core/Src/stm32f1xx_it.c.obj
 .debug_frame   0x000001ac       0x30 CMakeFiles/STM32F103Interface.elf.dir/Core/Src/system_stm32f1xx.c.obj
 .debug_frame   0x000001dc      0x1cc CMakeFiles/STM32F103Interface.elf.dir/Drivers/STM32F1xx_HAL_Driver/Src/stm32f1xx_hal.c.obj
 .debug_frame   0x000003a8      0x118 CMakeFiles/STM32F103Interface.elf.dir/Drivers/STM32F1xx_HAL_Driver/Src/stm32f1xx_hal_cortex.c.obj
 .debug_frame   0x000004c0      0x144 CMakeFiles/STM32F103Interface.elf.dir/Drivers/STM32F1xx_HAL_Driver/Src/stm32f1xx_hal_dma.c.obj
 .debug_frame   0x00000604       0xe4 CMakeFiles/STM32F103Interface.elf.dir/Drivers/STM32F1xx_HAL_Driver/Src/stm32f1xx_hal_gpio.c.obj
 .debug_frame   0x000006e8      0x184 CMakeFiles/STM32F103Interface.elf.dir/Drivers/STM32F1xx_HAL_Driver/Src/stm32f1xx_hal_rcc.c.obj
 .debug_frame   0x0000086c      0x5e0 CMakeFiles/STM32F103Interface.elf.dir/Drivers/STM32F1xx_HAL_Driver/Src/stm32f1xx_hal_uart.c.obj
 .debug_frame   0x00000e4c       0x2c c:/progra~2/gnuarm~1/102021~1.10/bin/../lib/gcc/arm-none-eabi/10.3.1/../../../../arm-none-eabi/lib/thumb/v7-m/nofp\libg.a(lib_a-init.o)
 .debug_frame   0x00000e78       0x2c c:/progra~2/gnuarm~1/102021~1.10/bin/../lib/gcc/arm-none-eabi/10.3.1/../../../../arm-none-eabi/lib/thumb/v7-m/nofp\libg.a(lib_a-memset.o)
 .debug_frame   0x00000ea4       0x5c c:/progra~2/gnuarm~1/102021~1.10/bin/../lib/gcc/arm-none-eabi/10.3.1/../../../../arm-none-eabi/lib/thumb/v7-m/nofp\libg.a(lib_a-__call_atexit.o)
 .debug_frame   0x00000f00       0x20 c:/progra~2/gnuarm~1/102021~1.10/bin/../lib/gcc/arm-none-eabi/10.3.1/../../../../arm-none-eabi/lib/thumb/v7-m/nofp\libg.a(lib_a-atexit.o)
 .debug_frame   0x00000f20       0x34 c:/progra~2/gnuarm~1/102021~1.10/bin/../lib/gcc/arm-none-eabi/10.3.1/../../../../arm-none-eabi/lib/thumb/v7-m/nofp\libg.a(lib_a-fini.o)
 .debug_frame   0x00000f54       0xb0 c:/progra~2/gnuarm~1/102021~1.10/bin/../lib/gcc/arm-none-eabi/10.3.1/../../../../arm-none-eabi/lib/thumb/v7-m/nofp\libg.a(lib_a-lock.o)
 .debug_frame   0x00001004       0x34 c:/progra~2/gnuarm~1/102021~1.10/bin/../lib/gcc/arm-none-eabi/10.3.1/../../../../arm-none-eabi/lib/thumb/v7-m/nofp\libg.a(lib_a-__atexit.o)

.debug_loc      0x00000000     0x6319
 .debug_loc     0x00000000       0x99 CMakeFiles/STM32F103Interface.elf.dir/Core/Src/stm32f1xx_hal_msp.c.obj
 .debug_loc     0x00000099       0xff CMakeFiles/STM32F103Interface.elf.dir/Core/Src/system_stm32f1xx.c.obj
 .debug_loc     0x00000198      0x141 CMakeFiles/STM32F103Interface.elf.dir/Drivers/STM32F1xx_HAL_Driver/Src/stm32f1xx_hal.c.obj
 .debug_loc     0x000002d9      0x71f CMakeFiles/STM32F103Interface.elf.dir/Drivers/STM32F1xx_HAL_Driver/Src/stm32f1xx_hal_cortex.c.obj
 .debug_loc     0x000009f8      0x7d1 CMakeFiles/STM32F103Interface.elf.dir/Drivers/STM32F1xx_HAL_Driver/Src/stm32f1xx_hal_dma.c.obj
 .debug_loc     0x000011c9      0x47d CMakeFiles/STM32F103Interface.elf.dir/Drivers/STM32F1xx_HAL_Driver/Src/stm32f1xx_hal_gpio.c.obj
 .debug_loc     0x00001646      0x618 CMakeFiles/STM32F103Interface.elf.dir/Drivers/STM32F1xx_HAL_Driver/Src/stm32f1xx_hal_rcc.c.obj
 .debug_loc     0x00001c5e     0x46bb CMakeFiles/STM32F103Interface.elf.dir/Drivers/STM32F1xx_HAL_Driver/Src/stm32f1xx_hal_uart.c.obj
